// Jest Snapshot v1, https://goo.gl/fbAQLP

exports[`App should match snapshoot 1`] = `undefined`;
